// Jest Snapshot v1, https://goo.gl/fbAQLP

exports[`Stories storyshots Atoms/Label Label Name 1`] = `
<label
  className="css-1h2uqq4-StyledLabel e1nqcvgf0"
  style={
    Object {
      "backgroundColor": undefined,
      "color": undefined,
    }
  }
>
  Label
</label>
`;
